// Jest Snapshot v1, https://goo.gl/fbAQLP

exports[`docs-example.cup 1`] = `
Object {
  "waypoints": Array [
    Object {
      "code": "LESCE",
      "country": "SI",
      "description": "Home airfield",
      "elevation": Object {
        "unit": "m",
        "value": 505.2,
      },
      "frequency": "123.50",
      "latitude": 46.3611,
      "longitude": 14.1722,
      "name": "Lesce-Bled",
      "runwayDirection": 130,
      "runwayLength": Object {
        "unit": "m",
        "value": 1140,
      },
      "style": 2,
    },
  ],
}
`;

exports[`euregio9.cup 1`] = `
Object {
  "waypoints": Array [
    Object {
      "code": "01AACH",
      "country": "DE",
      "description": "Pumpstation GAFOR=34",
      "elevation": Object {
        "unit": "m",
        "value": 189,
      },
      "frequency": null,
      "latitude": 50.814166666666665,
      "longitude": 6.1913833333333335,
      "name": "01Aachen (Pumpstation)",
      "runwayDirection": null,
      "runwayLength": null,
      "style": 1,
    },
    Object {
      "code": "02AACH",
      "country": "DE",
      "description": "Kreisel GAFOR=34",
      "elevation": Object {
        "unit": "m",
        "value": 153,
      },
      "frequency": null,
      "latitude": 50.78,
      "longitude": 6.107783333333333,
      "name": "02Aachen Europaplatz",
      "runwayDirection": null,
      "runwayLength": null,
      "style": 1,
    },
    Object {
      "code": "03AILE",
      "country": "DE",
      "description": "Flugplatz GAFOR=39",
      "elevation": Object {
        "unit": "m",
        "value": 471,
      },
      "frequency": "123.050",
      "latitude": 50.593333333333334,
      "longitude": 7.945,
      "name": "03Ailertchen Flpl.",
      "runwayDirection": null,
      "runwayLength": Object {
        "unit": "m",
        "value": 558,
      },
      "style": 1,
    },
    Object {
      "code": "04ALDE",
      "country": "DE",
      "description": "Aldenhoven BAB-Auffahrt GAFOR=34",
      "elevation": Object {
        "unit": "m",
        "value": 116,
      },
      "frequency": null,
      "latitude": 50.89888333333333,
      "longitude": 6.276666666666666,
      "name": "04Aldenhoven BAB",
      "runwayDirection": null,
      "runwayLength": null,
      "style": 1,
    },
    Object {
      "code": "05ALLE",
      "country": "DE",
      "description": "Flugplatz GAFOR=43",
      "elevation": Object {
        "unit": "m",
        "value": 356,
      },
      "frequency": "118.175",
      "latitude": 51.035,
      "longitude": 8.678333333333333,
      "name": "05Allendorf/Eder Flpl.",
      "runwayDirection": null,
      "runwayLength": Object {
        "unit": "m",
        "value": 1228,
      },
      "style": 1,
    },
    Object {
      "code": "06ALTE",
      "country": "DE",
      "description": "Kohlekraftwerk GAFOR=36",
      "elevation": Object {
        "unit": "m",
        "value": 173,
      },
      "frequency": null,
      "latitude": 51.27611666666667,
      "longitude": 7.70555,
      "name": "06Altena-Hegen. Kraftwerk",
      "runwayDirection": null,
      "runwayLength": null,
      "style": 1,
    },
    Object {
      "code": "07AMOE",
      "country": "DE",
      "description": "Segelfluggel. GAFOR=43",
      "elevation": Object {
        "unit": "m",
        "value": 240,
      },
      "frequency": "122.475",
      "latitude": 50.79111666666667,
      "longitude": 8.90695,
      "name": "07Amoeneburg",
      "runwayDirection": null,
      "runwayLength": Object {
        "unit": "m",
        "value": 619,
      },
      "style": 1,
    },
    Object {
      "code": "08ATTE",
      "country": "DE",
      "description": "Flugplatz GAFOR=36",
      "elevation": Object {
        "unit": "m",
        "value": 317,
      },
      "frequency": "121.400",
      "latitude": 51.14666666666667,
      "longitude": 7.9366666666666665,
      "name": "08Attendorn-Finnentr. Flpl.",
      "runwayDirection": null,
      "runwayLength": Object {
        "unit": "m",
        "value": 479,
      },
      "style": 1,
    },
    Object {
      "code": "09BADM",
      "country": "DE",
      "description": "Bahnhof GAFOR=37",
      "elevation": Object {
        "unit": "m",
        "value": 276,
      },
      "frequency": null,
      "latitude": 50.56028333333333,
      "longitude": 6.763616666666667,
      "name": "09Bad Muenstereifel Bhf",
      "runwayDirection": null,
      "runwayLength": null,
      "style": 1,
    },
    Object {
      "code": "10BADN",
      "country": "DE",
      "description": "Flugplatz GAFOR=37",
      "elevation": Object {
        "unit": "m",
        "value": 205,
      },
      "frequency": "122.350",
      "latitude": 50.55805,
      "longitude": 7.136116666666666,
      "name": "10Bad Neuenahr-Ahrw. Flpl.",
      "runwayDirection": null,
      "runwayLength": Object {
        "unit": "m",
        "value": 500,
      },
      "style": 1,
    },
    Object {
      "code": "11BERG",
      "country": "DE",
      "description": "Flugplatz GAFOR=34",
      "elevation": Object {
        "unit": "m",
        "value": 70,
      },
      "frequency": "130.125",
      "latitude": 50.97861666666667,
      "longitude": 6.608616666666666,
      "name": "11Bergheim Flpl.",
      "runwayDirection": null,
      "runwayLength": Object {
        "unit": "m",
        "value": 1097,
      },
      "style": 1,
    },
    Object {
      "code": "12BERG",
      "country": "DE",
      "description": "Flugplatz GAFOR=35",
      "elevation": Object {
        "unit": "m",
        "value": 490,
      },
      "frequency": "123.650",
      "latitude": 51.05305,
      "longitude": 7.707216666666667,
      "name": "12Bergneustadt/Duempel Flpl.",
      "runwayDirection": null,
      "runwayLength": Object {
        "unit": "m",
        "value": 588,
      },
      "style": 1,
    },
    Object {
      "code": "13BETZ",
      "country": "DE",
      "description": "Flugplatz GAFOR=35",
      "elevation": Object {
        "unit": "m",
        "value": 343,
      },
      "frequency": "122.750",
      "latitude": 50.81805,
      "longitude": 7.8311166666666665,
      "name": "13Betzdorf-Kirchen Flpl.",
      "runwayDirection": null,
      "runwayLength": Object {
        "unit": "m",
        "value": 597,
      },
      "style": 1,
    },
    Object {
      "code": "14BREI",
      "country": "DE",
      "description": "Flugplatz GAFOR=39",
      "elevation": Object {
        "unit": "m",
        "value": 559,
      },
      "frequency": "122.600",
      "latitude": 50.677216666666666,
      "longitude": 8.169166666666667,
      "name": "14Breitscheid Flpl.",
      "runwayDirection": null,
      "runwayLength": Object {
        "unit": "m",
        "value": 777,
      },
      "style": 1,
    },
    Object {
      "code": "15BRIL",
      "country": "DE",
      "description": "Flugplatz GAFOR=36",
      "elevation": Object {
        "unit": "m",
        "value": 460,
      },
      "frequency": "129.375",
      "latitude": 51.40221666666667,
      "longitude": 8.640833333333333,
      "name": "15Brilon Flpl.",
      "runwayDirection": null,
      "runwayLength": Object {
        "unit": "m",
        "value": 738,
      },
      "style": 1,
    },
    Object {
      "code": "16BUTZ",
      "country": "DE",
      "description": "Segelfluggel. GAFOR=42",
      "elevation": Object {
        "unit": "m",
        "value": 330,
      },
      "frequency": "133.500",
      "latitude": 50.439166666666665,
      "longitude": 8.625833333333333,
      "name": "16Butzbach Pfingstweide",
      "runwayDirection": null,
      "runwayLength": Object {
        "unit": "m",
        "value": 509,
      },
      "style": 1,
    },
    Object {
      "code": "17DAHL",
      "country": "DE",
      "description": "Flugplatz GAFOR=37",
      "elevation": Object {
        "unit": "m",
        "value": 578,
      },
      "frequency": "122.375",
      "latitude": 50.40555,
      "longitude": 6.529166666666667,
      "name": "17Dahlemer Binz Flpl.",
      "runwayDirection": null,
      "runwayLength": Object {
        "unit": "m",
        "value": 1079,
      },
      "style": 1,
    },
    Object {
      "code": "18DAUN",
      "country": "DE",
      "description": "Flugplatz GAFOR=37",
      "elevation": Object {
        "unit": "m",
        "value": 525,
      },
      "frequency": "123.150",
      "latitude": 50.17916666666667,
      "longitude": 6.864716666666666,
      "name": "18Daun-Senheld Flpl.",
      "runwayDirection": null,
      "runwayLength": Object {
        "unit": "m",
        "value": 418,
      },
      "style": 1,
    },
    Object {
      "code": "19DERN",
      "country": "DE",
      "description": "BAB-Dreieck GAFOR=39",
      "elevation": Object {
        "unit": "m",
        "value": 310,
      },
      "frequency": null,
      "latitude": 50.46,
      "longitude": 7.766666666666667,
      "name": "19Dernbach BAB-Dreieck",
      "runwayDirection": null,
      "runwayLength": null,
      "style": 1,
    },
    Object {
      "code": "20DIEM",
      "country": "DE",
      "description": "Staumauer Mitte GAFOR=36",
      "elevation": Object {
        "unit": "m",
        "value": 349,
      },
      "frequency": null,
      "latitude": 51.37833333333333,
      "longitude": 8.727783333333333,
      "name": "20Diemelsee Staumauer Mitte",
      "runwayDirection": null,
      "runwayLength": null,
      "style": 1,
    },
    Object {
      "code": "21DIEP",
      "country": "DE",
      "description": "Flugplatz GAFOR=34",
      "elevation": Object {
        "unit": "m",
        "value": 260,
      },
      "frequency": "123.500",
      "latitude": 50.76945,
      "longitude": 6.28055,
      "name": "21Diepenlinchen Flpl.",
      "runwayDirection": null,
      "runwayLength": Object {
        "unit": "m",
        "value": 768,
      },
      "style": 1,
    },
    Object {
      "code": "22DIER",
      "country": "DE",
      "description": "Flugplatz TWR GAFOR=39",
      "elevation": Object {
        "unit": "m",
        "value": 290,
      },
      "frequency": "128.925",
      "latitude": 50.56666666666667,
      "longitude": 7.653333333333333,
      "name": "22Dierdorf-Wienau Flpl.",
      "runwayDirection": null,
      "runwayLength": Object {
        "unit": "m",
        "value": 570,
      },
      "style": 1,
    },
    Object {
      "code": "23DILL",
      "country": "DE",
      "description": "Segelfluggel. GAFOR=44",
      "elevation": Object {
        "unit": "m",
        "value": 245,
      },
      "frequency": "130.125",
      "latitude": 49.38778333333333,
      "longitude": 6.7494499999999995,
      "name": "23Dillingen",
      "runwayDirection": null,
      "runwayLength": Object {
        "unit": "m",
        "value": 558,
      },
      "style": 1,
    },
    Object {
      "code": "24DONN",
      "country": "DE",
      "description": "TV Sender 28 GAFOR=44",
      "elevation": Object {
        "unit": "m",
        "value": 688,
      },
      "frequency": null,
      "latitude": 49.62555,
      "longitude": 7.92445,
      "name": "24Donnersberg",
      "runwayDirection": null,
      "runwayLength": null,
      "style": 1,
    },
    Object {
      "code": "25DORM",
      "country": "DE",
      "description": "Industriebahnhof GAFOR=34",
      "elevation": Object {
        "unit": "m",
        "value": 44,
      },
      "frequency": null,
      "latitude": 51.07695,
      "longitude": 6.837783333333333,
      "name": "25Dormagen Industriebhf.",
      "runwayDirection": null,
      "runwayLength": null,
      "style": 1,
    },
    Object {
      "code": "26DUER",
      "country": "DE",
      "description": "Flugplatz GAFOR=37",
      "elevation": Object {
        "unit": "m",
        "value": 345,
      },
      "frequency": "123.150",
      "latitude": 50.69195,
      "longitude": 6.41805,
      "name": "26Dueren-Huertgenwald Flpl.",
      "runwayDirection": null,
      "runwayLength": Object {
        "unit": "m",
        "value": 768,
      },
      "style": 1,
    },
    Object {
      "code": "27EDER",
      "country": "DE",
      "description": "Staumauer GAFOR=43",
      "elevation": Object {
        "unit": "m",
        "value": 243,
      },
      "frequency": null,
      "latitude": 51.18333333333333,
      "longitude": 9.058333333333334,
      "name": "27Edersee Staumauer",
      "runwayDirection": null,
      "runwayLength": null,
      "style": 1,
    },
    Object {
      "code": "28EFFE",
      "country": "DE",
      "description": "Radioteleskop GAFOR=37",
      "elevation": Object {
        "unit": "m",
        "value": 327,
      },
      "frequency": null,
      "latitude": 50.52471666666667,
      "longitude": 6.883333333333333,
      "name": "28Effelsberg Radiot.",
      "runwayDirection": null,
      "runwayLength": null,
      "style": 1,
    },
    Object {
      "code": "29ELZF",
      "country": "DE",
      "description": "Flugplatz GAFOR=45",
      "elevation": Object {
        "unit": "m",
        "value": 207,
      },
      "frequency": null,
      "latitude": 50.42805,
      "longitude": 8.01195,
      "name": "29Elz Flpl.",
      "runwayDirection": null,
      "runwayLength": null,
      "style": 1,
    },
    Object {
      "code": "30EUSK",
      "country": "DE",
      "description": "BAB-Abfahrt S (Wissk.) GAFOR=37",
      "elevation": Object {
        "unit": "m",
        "value": 208,
      },
      "frequency": null,
      "latitude": 50.64805,
      "longitude": 6.722216666666666,
      "name": "30Euskirchen BAB S",
      "runwayDirection": null,
      "runwayLength": null,
      "style": 1,
    },
    Object {
      "code": "31FRED",
      "country": "DE",
      "description": "Sender GAFOR=36",
      "elevation": Object {
        "unit": "m",
        "value": 783,
      },
      "frequency": null,
      "latitude": 51.20666666666666,
      "longitude": 8.377216666666667,
      "name": "31Fredeburg Sender",
      "runwayDirection": null,
      "runwayLength": null,
      "style": 1,
    },
    Object {
      "code": "32GERO",
      "country": "DE",
      "description": "Bahnhof GAFOR=37",
      "elevation": Object {
        "unit": "m",
        "value": 368,
      },
      "frequency": null,
      "latitude": 50.22416666666667,
      "longitude": 6.66055,
      "name": "32Gerolstein Bhf.",
      "runwayDirection": null,
      "runwayLength": null,
      "style": 1,
    },
    Object {
      "code": "33GIES",
      "country": "DE",
      "description": "Flugplatz GAFOR=42",
      "elevation": Object {
        "unit": "m",
        "value": 230,
      },
      "frequency": "122.500",
      "latitude": 50.545,
      "longitude": 8.591666666666667,
      "name": "33Giessen-Luetzellinden Flpl.",
      "runwayDirection": null,
      "runwayLength": Object {
        "unit": "m",
        "value": 707,
      },
      "style": 1,
    },
    Object {
      "code": "34GIES",
      "country": "DE",
      "description": "EDGR GAFOR=43",
      "elevation": Object {
        "unit": "m",
        "value": 214,
      },
      "frequency": "123.650",
      "latitude": 50.56805,
      "longitude": 8.870833333333334,
      "name": "34Giessen-Reiskirchen",
      "runwayDirection": null,
      "runwayLength": Object {
        "unit": "m",
        "value": 430,
      },
      "style": 1,
    },
    Object {
      "code": "35HEIM",
      "country": "DE",
      "description": "Bahnhof GAFOR=34",
      "elevation": Object {
        "unit": "m",
        "value": 205,
      },
      "frequency": null,
      "latitude": 50.636116666666666,
      "longitude": 6.473333333333334,
      "name": "35Heimbach Bhf.",
      "runwayDirection": null,
      "runwayLength": null,
      "style": 1,
    },
    Object {
      "code": "36HERM",
      "country": "DE",
      "description": "BAB-Auffahrt GAFOR=41",
      "elevation": Object {
        "unit": "m",
        "value": 543,
      },
      "frequency": null,
      "latitude": 49.65833333333333,
      "longitude": 6.92305,
      "name": "36Hermeskeil BAB-Auffahrt",
      "runwayDirection": null,
      "runwayLength": null,
      "style": 1,
    },
    Object {
      "code": "37HIRZ",
      "country": "DE",
      "description": "Flugplatz GAFOR=39",
      "elevation": Object {
        "unit": "m",
        "value": 520,
      },
      "frequency": "118.325",
      "latitude": 50.79,
      "longitude": 8.395,
      "name": "37Hirzenhain Flp.",
      "runwayDirection": null,
      "runwayLength": Object {
        "unit": "m",
        "value": 649,
      },
      "style": 1,
    },
    Object {
      "code": "38HOEX",
      "country": "DE",
      "description": "Flugplatz GAFOR=10",
      "elevation": Object {
        "unit": "m",
        "value": 285,
      },
      "frequency": "122.500",
      "latitude": 51.806666666666665,
      "longitude": 9.378333333333334,
      "name": "38Hoexter-Holzminden Flp.",
      "runwayDirection": null,
      "runwayLength": Object {
        "unit": "m",
        "value": 799,
      },
      "style": 1,
    },
    Object {
      "code": "39HUEN",
      "country": "DE",
      "description": "EDKH GAFOR=36",
      "elevation": Object {
        "unit": "m",
        "value": 398,
      },
      "frequency": "130.125",
      "latitude": 50.930283333333335,
      "longitude": 7.9,
      "name": "39Huensborn",
      "runwayDirection": null,
      "runwayLength": Object {
        "unit": "m",
        "value": 948,
      },
      "style": 1,
    },
    Object {
      "code": "40HUER",
      "country": "DE",
      "description": "Sender 1652 ft GAFOR=37",
      "elevation": Object {
        "unit": "m",
        "value": 383,
      },
      "frequency": null,
      "latitude": 50.73695,
      "longitude": 6.403333333333333,
      "name": "40Huertgenwald Sender",
      "runwayDirection": null,
      "runwayLength": null,
      "style": 1,
    },
    Object {
      "code": "41IDAR",
      "country": "DE",
      "description": "EDRG GAFOR=44",
      "elevation": Object {
        "unit": "m",
        "value": 480,
      },
      "frequency": "122.850",
      "latitude": 49.73388333333333,
      "longitude": 7.338883333333333,
      "name": "41Idar-Oberstein",
      "runwayDirection": null,
      "runwayLength": Object {
        "unit": "m",
        "value": 649,
      },
      "style": 1,
    },
    Object {
      "code": "42KELL",
      "country": "DE",
      "description": "Sender Teufelskopf GAFOR=41",
      "elevation": Object {
        "unit": "m",
        "value": 695,
      },
      "frequency": null,
      "latitude": 49.598333333333336,
      "longitude": 6.825283333333333,
      "name": "42Kell Sender Teufelsk.",
      "runwayDirection": null,
      "runwayLength": null,
      "style": 1,
    },
    Object {
      "code": "43KIRN",
      "country": "DE",
      "description": "Segelfluggel. GAFOR=41",
      "elevation": Object {
        "unit": "m",
        "value": 435,
      },
      "frequency": null,
      "latitude": 49.78333333333333,
      "longitude": 7.513883333333333,
      "name": "43Kirn",
      "runwayDirection": null,
      "runwayLength": null,
      "style": 1,
    },
    Object {
      "code": "44KOBL",
      "country": "DE",
      "description": "Flugplatz GAFOR=38",
      "elevation": Object {
        "unit": "m",
        "value": 195,
      },
      "frequency": "122.650",
      "latitude": 50.325,
      "longitude": 7.528333333333333,
      "name": "44Koblenz-Winningen Flpl.",
      "runwayDirection": null,
      "runwayLength": Object {
        "unit": "m",
        "value": 1167,
      },
      "style": 1,
    },
    Object {
      "code": "45KORB",
      "country": "DE",
      "description": "Flugplatz GAFOR=43",
      "elevation": Object {
        "unit": "m",
        "value": 390,
      },
      "frequency": "119.975",
      "latitude": 51.255,
      "longitude": 8.876666666666667,
      "name": "45Korbach Flpl.",
      "runwayDirection": null,
      "runwayLength": Object {
        "unit": "m",
        "value": 588,
      },
      "style": 1,
    },
    Object {
      "code": "46KRON",
      "country": "DE",
      "description": "weisser Fabrikturm GAFOR=34",
      "elevation": Object {
        "unit": "m",
        "value": 184,
      },
      "frequency": null,
      "latitude": 50.83945,
      "longitude": 6.180833333333333,
      "name": "46Kronenbrot",
      "runwayDirection": null,
      "runwayLength": null,
      "style": 1,
    },
    Object {
      "code": "47KYLL",
      "country": "DE",
      "description": "Flugplatz GAFOR=37",
      "elevation": Object {
        "unit": "m",
        "value": 297,
      },
      "frequency": null,
      "latitude": 50.041666666666664,
      "longitude": 6.597216666666666,
      "name": "47Kyllburg Bhf.",
      "runwayDirection": null,
      "runwayLength": null,
      "style": 1,
    },
    Object {
      "code": "48LANG",
      "country": "DE",
      "description": "Flugplatz GAFOR=34",
      "elevation": Object {
        "unit": "m",
        "value": 86,
      },
      "frequency": "122.475",
      "latitude": 51.14111666666667,
      "longitude": 6.985283333333333,
      "name": "48Langenfeld-Wiesch. Flpl.",
      "runwayDirection": null,
      "runwayLength": Object {
        "unit": "m",
        "value": 619,
      },
      "style": 1,
    },
    Object {
      "code": "49LICH",
      "country": "DE",
      "description": "BAB-Ausfahrt GAFOR=37",
      "elevation": Object {
        "unit": "m",
        "value": 274,
      },
      "frequency": null,
      "latitude": 50.721666666666664,
      "longitude": 6.1272166666666665,
      "name": "49Lichtenbusch BAB",
      "runwayDirection": null,
      "runwayLength": null,
      "style": 1,
    },
    Object {
      "code": "50LUED",
      "country": "DE",
      "description": "BAB-Ausfahrt Nord GAFOR=36",
      "elevation": Object {
        "unit": "m",
        "value": 405,
      },
      "frequency": null,
      "latitude": 51.26166666666666,
      "longitude": 7.603883333333333,
      "name": "50Luedenscheid BAB N",
      "runwayDirection": null,
      "runwayLength": null,
      "style": 1,
    },
    Object {
      "code": "51MARB",
      "country": "DE",
      "description": "Flugplatz GAFOR=43",
      "elevation": Object {
        "unit": "m",
        "value": 254,
      },
      "frequency": "123.000",
      "latitude": 50.873333333333335,
      "longitude": 8.813333333333333,
      "name": "51Marburg-Schoenstadt Flpl.",
      "runwayDirection": null,
      "runwayLength": Object {
        "unit": "m",
        "value": 759,
      },
      "style": 1,
    },
    Object {
      "code": "52MARI",
      "country": "DE",
      "description": "Abtei GAFOR=37",
      "elevation": Object {
        "unit": "m",
        "value": 292,
      },
      "frequency": null,
      "latitude": 50.4025,
      "longitude": 7.2522166666666665,
      "name": "52Maria Laach Abtei",
      "runwayDirection": null,
      "runwayLength": null,
      "style": 1,
    },
    Object {
      "code": "53MARP",
      "country": "DE",
      "description": "Flugplatz GAFOR=44",
      "elevation": Object {
        "unit": "m",
        "value": 360,
      },
      "frequency": "123.475",
      "latitude": 49.45305,
      "longitude": 7.039166666666667,
      "name": "53Marpingen Flpl.",
      "runwayDirection": null,
      "runwayLength": Object {
        "unit": "m",
        "value": 777,
      },
      "style": 1,
    },
    Object {
      "code": "54MAYE",
      "country": "DE",
      "description": "Bahnhof GAFOR=37",
      "elevation": Object {
        "unit": "m",
        "value": 343,
      },
      "frequency": null,
      "latitude": 50.3275,
      "longitude": 7.211666666666667,
      "name": "54Mayen Bhf.",
      "runwayDirection": null,
      "runwayLength": null,
      "style": 1,
    },
    Object {
      "code": "55MECH",
      "country": "DE",
      "description": "BAB-Abfahrt GAFOR=37",
      "elevation": Object {
        "unit": "m",
        "value": 340,
      },
      "frequency": null,
      "latitude": 50.57333333333333,
      "longitude": 6.68555,
      "name": "55Mechernich BAB-Abf.",
      "runwayDirection": null,
      "runwayLength": null,
      "style": 1,
    },
    Object {
      "code": "56MEER",
      "country": "DE",
      "description": "BAB X Eisenbahn GAFOR=36",
      "elevation": Object {
        "unit": "m",
        "value": 234,
      },
      "frequency": null,
      "latitude": 51.50638333333333,
      "longitude": 8.95305,
      "name": "56Meerhof/Diemel BAB X Bahn",
      "runwayDirection": null,
      "runwayLength": null,
      "style": 1,
    },
    Object {
      "code": "57MEIN",
      "country": "DE",
      "description": "Flugplatz GAFOR=35",
      "elevation": Object {
        "unit": "m",
        "value": 471,
      },
      "frequency": "130.600",
      "latitude": 51.1,
      "longitude": 7.599716666666667,
      "name": "57Meinerzhagen Flpl.",
      "runwayDirection": null,
      "runwayLength": Object {
        "unit": "m",
        "value": 1149,
      },
      "style": 1,
    },
    Object {
      "code": "58MERZ",
      "country": "DE",
      "description": "Bahnhof GAFOR=44",
      "elevation": Object {
        "unit": "m",
        "value": 173,
      },
      "frequency": null,
      "latitude": 49.43805,
      "longitude": 6.634716666666667,
      "name": "58Merzig Bhf.",
      "runwayDirection": null,
      "runwayLength": null,
      "style": 1,
    },
    Object {
      "code": "59MESC",
      "country": "DE",
      "description": "Bahnhof GAFOR=36",
      "elevation": Object {
        "unit": "m",
        "value": 261,
      },
      "frequency": null,
      "latitude": 51.349716666666666,
      "longitude": 8.279716666666667,
      "name": "59Meschede Bhf.",
      "runwayDirection": null,
      "runwayLength": null,
      "style": 1,
    },
    Object {
      "code": "60MESC",
      "country": "DE",
      "description": "Flugplatz GAFOR=36",
      "elevation": Object {
        "unit": "m",
        "value": 427,
      },
      "frequency": "122.050",
      "latitude": 51.30278333333333,
      "longitude": 8.23945,
      "name": "60Meschede-Schueren Flpl.",
      "runwayDirection": null,
      "runwayLength": Object {
        "unit": "m",
        "value": 899,
      },
      "style": 1,
    },
    Object {
      "code": "61METT",
      "country": "DE",
      "description": "Bahnhof GAFOR=41",
      "elevation": Object {
        "unit": "m",
        "value": 166,
      },
      "frequency": null,
      "latitude": 49.49555,
      "longitude": 6.598333333333334,
      "name": "61Mettlach Bhf.",
      "runwayDirection": null,
      "runwayLength": null,
      "style": 1,
    },
    Object {
      "code": "62MOEN",
      "country": "DE",
      "description": "Flugplatz GAFOR=37",
      "elevation": Object {
        "unit": "m",
        "value": 205,
      },
      "frequency": "122.000",
      "latitude": 50.509166666666665,
      "longitude": 7.25695,
      "name": "62Moenchsheide Flpl.",
      "runwayDirection": null,
      "runwayLength": Object {
        "unit": "m",
        "value": 689,
      },
      "style": 1,
    },
    Object {
      "code": "63MONT",
      "country": "DE",
      "description": "Flugplatz GAFOR=39",
      "elevation": Object {
        "unit": "m",
        "value": 261,
      },
      "frequency": "123.350",
      "latitude": 50.425,
      "longitude": 7.8277833333333335,
      "name": "63Montabaur Flpl.",
      "runwayDirection": null,
      "runwayLength": Object {
        "unit": "m",
        "value": 579,
      },
      "style": 1,
    },
    Object {
      "code": "64NEUM",
      "country": "DE",
      "description": "Flugplatz GAFOR=41",
      "elevation": Object {
        "unit": "m",
        "value": 268,
      },
      "frequency": "118.175",
      "latitude": 49.84388333333333,
      "longitude": 6.91695,
      "name": "64Neumagen-Dhron Flpl.",
      "runwayDirection": null,
      "runwayLength": Object {
        "unit": "m",
        "value": 738,
      },
      "style": 1,
    },
    Object {
      "code": "65NIDE",
      "country": "DE",
      "description": "Burg GAFOR=37",
      "elevation": Object {
        "unit": "m",
        "value": 314,
      },
      "frequency": null,
      "latitude": 50.68861666666667,
      "longitude": 6.476666666666667,
      "name": "65Nideggen Burg",
      "runwayDirection": null,
      "runwayLength": null,
      "style": 1,
    },
    Object {
      "code": "66NIED",
      "country": "DE",
      "description": "Kraftwerk GAFOR=34",
      "elevation": Object {
        "unit": "m",
        "value": 243,
      },
      "frequency": null,
      "latitude": 50.992216666666664,
      "longitude": 6.6688833333333335,
      "name": "66Niederaussem",
      "runwayDirection": null,
      "runwayLength": null,
      "style": 1,
    },
    Object {
      "code": "67NUER",
      "country": "DE",
      "description": "Start/Ziel GAFOR=37",
      "elevation": Object {
        "unit": "m",
        "value": 617,
      },
      "frequency": null,
      "latitude": 50.334716666666665,
      "longitude": 6.946666666666666,
      "name": "67Nuerburgring Start/Ziel",
      "runwayDirection": null,
      "runwayLength": null,
      "style": 1,
    },
    Object {
      "code": "68OLPE",
      "country": "DE",
      "description": "BAB-Ausf. Sued GAFOR=35",
      "elevation": Object {
        "unit": "m",
        "value": 358,
      },
      "frequency": null,
      "latitude": 50.98805,
      "longitude": 7.835833333333333,
      "name": "68Olpe BAB S",
      "runwayDirection": null,
      "runwayLength": null,
      "style": 1,
    },
    Object {
      "code": "69OLPE",
      "country": "DE",
      "description": "Bahnhof GAFOR=35",
      "elevation": Object {
        "unit": "m",
        "value": 309,
      },
      "frequency": null,
      "latitude": 51.028333333333336,
      "longitude": 7.841116666666666,
      "name": "69Olpe Bhf.",
      "runwayDirection": null,
      "runwayLength": null,
      "style": 1,
    },
    Object {
      "code": "70PRUE",
      "country": "DE",
      "description": "Pruem Basilika GAFOR=37",
      "elevation": Object {
        "unit": "m",
        "value": 441,
      },
      "frequency": null,
      "latitude": 50.20666666666666,
      "longitude": 6.42555,
      "name": "70Pruem",
      "runwayDirection": null,
      "runwayLength": null,
      "style": 1,
    },
    Object {
      "code": "71RADE",
      "country": "DE",
      "description": "Flugplatz GAFOR=35",
      "elevation": Object {
        "unit": "m",
        "value": 389,
      },
      "frequency": "123.475",
      "latitude": 51.21638333333333,
      "longitude": 7.3825,
      "name": "71Radevormwald Flpl.",
      "runwayDirection": null,
      "runwayLength": Object {
        "unit": "m",
        "value": 347,
      },
      "style": 1,
    },
    Object {
      "code": "72REMS",
      "country": "DE",
      "description": "BAB-Ausfahrt GAFOR=35",
      "elevation": Object {
        "unit": "m",
        "value": 319,
      },
      "frequency": null,
      "latitude": 51.181666666666665,
      "longitude": 7.237216666666667,
      "name": "72Remscheid BAB",
      "runwayDirection": null,
      "runwayLength": null,
      "style": 1,
    },
    Object {
      "code": "73ROET",
      "country": "DE",
      "description": "Bahnhof GAFOR=37",
      "elevation": Object {
        "unit": "m",
        "value": 413,
      },
      "frequency": null,
      "latitude": 50.64888333333333,
      "longitude": 6.18555,
      "name": "73Roetgen Bhf.",
      "runwayDirection": null,
      "runwayLength": null,
      "style": 1,
    },
    Object {
      "code": "74RURS",
      "country": "DE",
      "description": "STAUMEUER GAFOR=37",
      "elevation": Object {
        "unit": "m",
        "value": 280,
      },
      "frequency": null,
      "latitude": 50.638616666666664,
      "longitude": 6.442216666666667,
      "name": "74Rursee",
      "runwayDirection": null,
      "runwayLength": null,
      "style": 1,
    },
    Object {
      "code": "75SAAR",
      "country": "DE",
      "description": "Flugplatz GAFOR=44",
      "elevation": Object {
        "unit": "m",
        "value": 341,
      },
      "frequency": "122.600",
      "latitude": 49.31361666666667,
      "longitude": 6.674716666666667,
      "name": "75Saarlouis-Dueren Flpl.",
      "runwayDirection": null,
      "runwayLength": Object {
        "unit": "m",
        "value": 799,
      },
      "style": 1,
    },
    Object {
      "code": "76SCHA",
      "country": "DE",
      "description": "EDGQ GAFOR=36",
      "elevation": Object {
        "unit": "m",
        "value": 545,
      },
      "frequency": "122.025",
      "latitude": 51.00138333333334,
      "longitude": 8.307783333333333,
      "name": "76Schameder",
      "runwayDirection": null,
      "runwayLength": Object {
        "unit": "m",
        "value": 719,
      },
      "style": 1,
    },
    Object {
      "code": "77SCHM",
      "country": "DE",
      "description": "Flugplatz GAFOR=36",
      "elevation": Object {
        "unit": "m",
        "value": 466,
      },
      "frequency": "122.425",
      "latitude": 51.16166666666667,
      "longitude": 8.26,
      "name": "77Schmallenberg Renf. Flpl.",
      "runwayDirection": null,
      "runwayLength": Object {
        "unit": "m",
        "value": 579,
      },
      "style": 1,
    },
    Object {
      "code": "78SCHO",
      "country": "DE",
      "description": "Fernmeldeturm GAFOR=37",
      "elevation": Object {
        "unit": "m",
        "value": 659,
      },
      "frequency": null,
      "latitude": 50.431383333333336,
      "longitude": 7.070283333333333,
      "name": "78Schoeneberg Fernm.",
      "runwayDirection": null,
      "runwayLength": null,
      "style": 1,
    },
    Object {
      "code": "79SIEG",
      "country": "DE",
      "description": "Segelfluggel. GAFOR=39",
      "elevation": Object {
        "unit": "m",
        "value": 388,
      },
      "frequency": "123.375",
      "latitude": 50.83861666666667,
      "longitude": 8.013883333333334,
      "name": "79Siegen-Eisern",
      "runwayDirection": null,
      "runwayLength": Object {
        "unit": "m",
        "value": 719,
      },
      "style": 1,
    },
    Object {
      "code": "80SOBE",
      "country": "DE",
      "description": "EDRS GAFOR=44",
      "elevation": Object {
        "unit": "m",
        "value": 247,
      },
      "frequency": "118.925",
      "latitude": 49.79195,
      "longitude": 7.666666666666667,
      "name": "80Sobernheim-D.",
      "runwayDirection": null,
      "runwayLength": Object {
        "unit": "m",
        "value": 680,
      },
      "style": 1,
    },
    Object {
      "code": "81SORP",
      "country": "DE",
      "description": "Staumauer GAFOR=36",
      "elevation": Object {
        "unit": "m",
        "value": 284,
      },
      "frequency": null,
      "latitude": 51.35055,
      "longitude": 7.96805,
      "name": "81Sorpe-Talsperre",
      "runwayDirection": null,
      "runwayLength": null,
      "style": 1,
    },
    Object {
      "code": "82STGO",
      "country": "DE",
      "description": "Bahnhof GAFOR=41",
      "elevation": Object {
        "unit": "m",
        "value": 151,
      },
      "frequency": null,
      "latitude": 50.14778333333334,
      "longitude": 7.715283333333334,
      "name": "82St Goar Bhf.",
      "runwayDirection": null,
      "runwayLength": null,
      "style": 1,
    },
    Object {
      "code": "83STOL",
      "country": "DE",
      "description": "Sender GAFOR=34",
      "elevation": Object {
        "unit": "m",
        "value": 232,
      },
      "frequency": null,
      "latitude": 50.750283333333336,
      "longitude": 6.2,
      "name": "83Stolberg Sender",
      "runwayDirection": null,
      "runwayLength": null,
      "style": 1,
    },
    Object {
      "code": "84TRIE",
      "country": "DE",
      "description": "EDRT GAFOR=37",
      "elevation": Object {
        "unit": "m",
        "value": 203,
      },
      "frequency": "122.050",
      "latitude": 49.864716666666666,
      "longitude": 6.788883333333334,
      "name": "84Trier-Foehren",
      "runwayDirection": null,
      "runwayLength": Object {
        "unit": "m",
        "value": 1198,
      },
      "style": 1,
    },
    Object {
      "code": "85UTSC",
      "country": "DE",
      "description": "Segelfluggel. GAFOR=37",
      "elevation": Object {
        "unit": "m",
        "value": 424,
      },
      "frequency": "123.350",
      "latitude": 49.99888333333333,
      "longitude": 6.34305,
      "name": "85Utscheid",
      "runwayDirection": null,
      "runwayLength": Object {
        "unit": "m",
        "value": 719,
      },
      "style": 1,
    },
    Object {
      "code": "86VETS",
      "country": "DE",
      "description": "Dorf GAFOR=34",
      "elevation": Object {
        "unit": "m",
        "value": 180,
      },
      "frequency": null,
      "latitude": 50.81471666666667,
      "longitude": 6.04195,
      "name": "86Vetschau",
      "runwayDirection": null,
      "runwayLength": null,
      "style": 1,
    },
    Object {
      "code": "87WASS",
      "country": "DE",
      "description": "Flugplatz GAFOR=47",
      "elevation": Object {
        "unit": "m",
        "value": 920,
      },
      "frequency": "133.425",
      "latitude": 50.49888333333333,
      "longitude": 9.96555,
      "name": "87Wasserkuppe Flpl.",
      "runwayDirection": null,
      "runwayLength": Object {
        "unit": "m",
        "value": 680,
      },
      "style": 1,
    },
    Object {
      "code": "88WEIS",
      "country": "DE",
      "description": "Kraftwerk GAFOR=34",
      "elevation": Object {
        "unit": "m",
        "value": 130,
      },
      "frequency": null,
      "latitude": 50.83945,
      "longitude": 6.322783333333334,
      "name": "88Weisweiler",
      "runwayDirection": null,
      "runwayLength": null,
      "style": 1,
    },
    Object {
      "code": "89WERD",
      "country": "DE",
      "description": "Flugplatz GAFOR=36",
      "elevation": Object {
        "unit": "m",
        "value": 316,
      },
      "frequency": "118.000",
      "latitude": 51.297783333333335,
      "longitude": 7.8180499999999995,
      "name": "89Werdohl-Kuentrop Flpl.",
      "runwayDirection": null,
      "runwayLength": Object {
        "unit": "m",
        "value": 649,
      },
      "style": 1,
    },
    Object {
      "code": "90WERS",
      "country": "DE",
      "description": "Flugplatz GAFOR=37",
      "elevation": Object {
        "unit": "m",
        "value": 470,
      },
      "frequency": "122.400",
      "latitude": 50.45166666666667,
      "longitude": 6.786666666666667,
      "name": "90Wershofen Eifel Flpl.",
      "runwayDirection": null,
      "runwayLength": Object {
        "unit": "m",
        "value": 457,
      },
      "style": 1,
    },
    Object {
      "code": "91WIND",
      "country": "DE",
      "description": "Marker f. Zielflug GAFOR=34",
      "elevation": Object {
        "unit": "m",
        "value": 212,
      },
      "frequency": null,
      "latitude": 50.816383333333334,
      "longitude": 6.215833333333333,
      "name": "91Windrad",
      "runwayDirection": null,
      "runwayLength": null,
      "style": 1,
    },
    Object {
      "code": "92WINT",
      "country": "DE",
      "description": "Bahnhof GAFOR=36",
      "elevation": Object {
        "unit": "m",
        "value": 656,
      },
      "frequency": null,
      "latitude": 51.19721666666667,
      "longitude": 8.5325,
      "name": "92Winterberg Bhf.",
      "runwayDirection": null,
      "runwayLength": null,
      "style": 1,
    },
    Object {
      "code": "93WIPP",
      "country": "DE",
      "description": "Flugplatz GAFOR=35",
      "elevation": Object {
        "unit": "m",
        "value": 263,
      },
      "frequency": "122.400",
      "latitude": 51.12416666666667,
      "longitude": 7.370833333333334,
      "name": "93Wipperfuerth Neye Flpl.",
      "runwayDirection": null,
      "runwayLength": Object {
        "unit": "m",
        "value": 588,
      },
      "style": 1,
    },
    Object {
      "code": "94WITZ",
      "country": "DE",
      "description": "Sender GAFOR=35",
      "elevation": Object {
        "unit": "m",
        "value": 230,
      },
      "frequency": null,
      "latitude": 51.11861666666667,
      "longitude": 7.099716666666667,
      "name": "94Witzhelden Sender",
      "runwayDirection": null,
      "runwayLength": null,
      "style": 1,
    },
    Object {
      "code": "95ZUEL",
      "country": "DE",
      "description": "Bahnhof GAFOR=34",
      "elevation": Object {
        "unit": "m",
        "value": 158,
      },
      "frequency": null,
      "latitude": 50.698883333333335,
      "longitude": 6.6627833333333335,
      "name": "95Zuelpich Bhf.",
      "runwayDirection": null,
      "runwayLength": null,
      "style": 1,
    },
    Object {
      "code": "AP1TWR",
      "country": "DE",
      "description": "Abflugpunkt 1 EDKA TWR GAFOR=34",
      "elevation": Object {
        "unit": "m",
        "value": 190,
      },
      "frequency": "122.875",
      "latitude": 50.823616666666666,
      "longitude": 6.186116666666667,
      "name": "AP1TWR EDKA",
      "runwayDirection": null,
      "runwayLength": Object {
        "unit": "m",
        "value": 527,
      },
      "style": 1,
    },
    Object {
      "code": "AP2BLA",
      "country": "DE",
      "description": "Abflugpunkt 2 Blausteinsee (Mitte) GAFOR=34",
      "elevation": Object {
        "unit": "m",
        "value": 114,
      },
      "frequency": null,
      "latitude": 50.853883333333336,
      "longitude": 6.2747166666666665,
      "name": "AP2Blausteinsee Mitte",
      "runwayDirection": null,
      "runwayLength": null,
      "style": 1,
    },
    Object {
      "code": "AP3WEH",
      "country": "DE",
      "description": "Abflugpunkt 3 Wehebachtalsperre Staumauer (Mitte) GAFOR=37",
      "elevation": Object {
        "unit": "m",
        "value": 249,
      },
      "frequency": null,
      "latitude": 50.75471666666667,
      "longitude": 6.34,
      "name": "AP3Wehebachtalsperre",
      "runwayDirection": null,
      "runwayLength": null,
      "style": 1,
    },
    Object {
      "code": "ZL-RWY",
      "country": "DE",
      "description": "Ziellinie (RWY-Mitte) EDKA GAFOR=34",
      "elevation": Object {
        "unit": "m",
        "value": 190,
      },
      "frequency": "122.875",
      "latitude": 50.82305,
      "longitude": 6.186383333333334,
      "name": "ZL-RWY-EDKA",
      "runwayDirection": null,
      "runwayLength": Object {
        "unit": "m",
        "value": 527,
      },
      "style": 1,
    },
  ],
}
`;

exports[`test.cup 1`] = `
Object {
  "waypoints": Array [
    Object {
      "code": "ALTEH",
      "country": "",
      "description": "Airport",
      "elevation": Object {
        "unit": "m",
        "value": 3472,
      },
      "frequency": "122.200",
      "latitude": 51.31305,
      "longitude": 7.703616666666667,
      "name": "Altena",
      "runwayDirection": 60,
      "runwayLength": Object {
        "unit": "m",
        "value": 600,
      },
      "style": 0,
    },
    Object {
      "code": "ALTENB",
      "country": "",
      "description": "RAILWAYST",
      "elevation": Object {
        "unit": "ft",
        "value": 170,
      },
      "frequency": null,
      "latitude": 51.30195,
      "longitude": 7.6688833333333335,
      "name": "Altena Bf",
      "runwayDirection": 0,
      "runwayLength": Object {
        "unit": "m",
        "value": 0,
      },
      "style": 0,
    },
    Object {
      "code": "BERGH",
      "country": "",
      "description": "Gliderside",
      "elevation": Object {
        "unit": "m",
        "value": 70,
      },
      "frequency": "130.125",
      "latitude": 50.97861666666667,
      "longitude": 6.608616666666666,
      "name": "Bergheim",
      "runwayDirection": 140,
      "runwayLength": Object {
        "unit": "m",
        "value": 1100,
      },
      "style": 2,
    },
    Object {
      "code": "BERGN",
      "country": "",
      "description": "Airport",
      "elevation": null,
      "frequency": "123.650",
      "latitude": 51.05195,
      "longitude": 7.706383333333333,
      "name": "Bergneustadt",
      "runwayDirection": 40,
      "runwayLength": Object {
        "unit": "m",
        "value": 590,
      },
      "style": 0,
    },
    Object {
      "code": "BOCHUM",
      "country": "",
      "description": "A40XA43B",
      "elevation": Object {
        "unit": "m",
        "value": 103,
      },
      "frequency": null,
      "latitude": 51.49666666666667,
      "longitude": 7.270833333333333,
      "name": "Bochum A40XA43",
      "runwayDirection": 0,
      "runwayLength": Object {
        "unit": "m",
        "value": 0,
      },
      "style": 0,
    },
    Object {
      "code": "BOTTRO",
      "country": "",
      "description": "A2YA31BA",
      "elevation": Object {
        "unit": "m",
        "value": 55,
      },
      "frequency": null,
      "latitude": 51.555,
      "longitude": 6.92555,
      "name": "Bottrop A2YA31",
      "runwayDirection": 0,
      "runwayLength": Object {
        "unit": "m",
        "value": 0,
      },
      "style": 0,
    },
    Object {
      "code": "DINSL",
      "country": "",
      "description": "Airport",
      "elevation": Object {
        "unit": "m",
        "value": 67,
      },
      "frequency": "122.700",
      "latitude": 51.61638333333333,
      "longitude": 6.86555,
      "name": "Dinslaken Schwa",
      "runwayDirection": 90,
      "runwayLength": Object {
        "unit": "m",
        "value": 890,
      },
      "style": 0,
    },
    Object {
      "code": "DORMAG",
      "country": "",
      "description": "RAILWAYST",
      "elevation": Object {
        "unit": "m",
        "value": 44,
      },
      "frequency": null,
      "latitude": 51.077216666666665,
      "longitude": 6.837783333333333,
      "name": "Dormagen Industrie Bf",
      "runwayDirection": 0,
      "runwayLength": Object {
        "unit": "m",
        "value": 0,
      },
      "style": 0,
    },
    Object {
      "code": "DORTMY",
      "country": "",
      "description": "A2YA45BA",
      "elevation": Object {
        "unit": "m",
        "value": 63,
      },
      "frequency": null,
      "latitude": 51.58555,
      "longitude": 7.367216666666667,
      "name": "Dortmund A2YA45",
      "runwayDirection": 0,
      "runwayLength": Object {
        "unit": "m",
        "value": 0,
      },
      "style": 0,
    },
    Object {
      "code": "DORTM",
      "country": "",
      "description": "Airport",
      "elevation": Object {
        "unit": "m",
        "value": 128,
      },
      "frequency": "134.175",
      "latitude": 51.51861666666667,
      "longitude": 7.61195,
      "name": "Dortmund Wicke",
      "runwayDirection": 60,
      "runwayLength": Object {
        "unit": "m",
        "value": 1990,
      },
      "style": 0,
    },
    Object {
      "code": "DUESW",
      "country": "",
      "description": "Gliderside",
      "elevation": Object {
        "unit": "m",
        "value": 113,
      },
      "frequency": "123.150",
      "latitude": 51.265,
      "longitude": 6.8525,
      "name": "Duesseld Wolfsaa",
      "runwayDirection": 70,
      "runwayLength": Object {
        "unit": "m",
        "value": 600,
      },
      "style": 2,
    },
    Object {
      "code": "DUESS",
      "country": "",
      "description": "Airport",
      "elevation": Object {
        "unit": "m",
        "value": 46,
      },
      "frequency": "118.300",
      "latitude": 51.280833333333334,
      "longitude": 6.757216666666666,
      "name": "Duesseldorf",
      "runwayDirection": 50,
      "runwayLength": Object {
        "unit": "m",
        "value": 3000,
      },
      "style": 0,
    },
    Object {
      "code": "DUISBY",
      "country": "",
      "description": "A3YA40BA",
      "elevation": Object {
        "unit": "m",
        "value": 60,
      },
      "frequency": null,
      "latitude": 51.44611666666667,
      "longitude": 6.798883333333333,
      "name": "Duisburg A3YA40",
      "runwayDirection": 0,
      "runwayLength": Object {
        "unit": "m",
        "value": 0,
      },
      "style": 0,
    },
    Object {
      "code": "DUISBU",
      "country": "",
      "description": "WESTA3XA",
      "elevation": Object {
        "unit": "m",
        "value": 60,
      },
      "frequency": null,
      "latitude": 51.4875,
      "longitude": 6.8147166666666665,
      "name": "Duisburg West A3XA42",
      "runwayDirection": 0,
      "runwayLength": Object {
        "unit": "m",
        "value": 0,
      },
      "style": 0,
    },
    Object {
      "code": "ELVERL",
      "country": "",
      "description": "KW1485FT",
      "elevation": Object {
        "unit": "m",
        "value": 180,
      },
      "frequency": null,
      "latitude": 51.275,
      "longitude": 7.70695,
      "name": "Elverlingsen Kw 1485Ft Kuehlturm",
      "runwayDirection": 0,
      "runwayLength": Object {
        "unit": "m",
        "value": 0,
      },
      "style": 0,
    },
    Object {
      "code": "ENNEPE",
      "country": "",
      "description": "STAUMAUER",
      "elevation": Object {
        "unit": "m",
        "value": 307,
      },
      "frequency": null,
      "latitude": 51.24111666666667,
      "longitude": 7.409716666666666,
      "name": "Ennepesee Staumauer",
      "runwayDirection": 0,
      "runwayLength": Object {
        "unit": "m",
        "value": 0,
      },
      "style": 0,
    },
    Object {
      "code": "ERKELB",
      "country": "",
      "description": "RAILWAYST",
      "elevation": Object {
        "unit": "m",
        "value": 98,
      },
      "frequency": null,
      "latitude": 51.07666666666667,
      "longitude": 6.321666666666666,
      "name": "Erkelenz Bf",
      "runwayDirection": 0,
      "runwayLength": Object {
        "unit": "m",
        "value": 0,
      },
      "style": 0,
    },
    Object {
      "code": "ERKEL2",
      "country": "",
      "description": "EmergField",
      "elevation": Object {
        "unit": "m",
        "value": 86,
      },
      "frequency": "120.975",
      "latitude": 51.06445,
      "longitude": 6.360283333333333,
      "name": "Erkelenz Kueckho *ULM",
      "runwayDirection": 160,
      "runwayLength": Object {
        "unit": "m",
        "value": 400,
      },
      "style": 0,
    },
    Object {
      "code": "ESSEN",
      "country": "",
      "description": "Airport",
      "elevation": Object {
        "unit": "m",
        "value": 128,
      },
      "frequency": "119.750",
      "latitude": 51.40221666666667,
      "longitude": 6.937216666666666,
      "name": "Essen Muelheim",
      "runwayDirection": 70,
      "runwayLength": Object {
        "unit": "m",
        "value": 1530,
      },
      "style": 0,
    },
    Object {
      "code": "GELDER",
      "country": "",
      "description": "RAILWAYST",
      "elevation": Object {
        "unit": "m",
        "value": 25,
      },
      "frequency": null,
      "latitude": 51.51305,
      "longitude": 6.319166666666667,
      "name": "Geldern Bf",
      "runwayDirection": 0,
      "runwayLength": Object {
        "unit": "m",
        "value": 0,
      },
      "style": 0,
    },
    Object {
      "code": "GFMETTMA",
      "country": "",
      "description": "",
      "elevation": Object {
        "unit": "m",
        "value": 0,
      },
      "frequency": null,
      "latitude": 51.245,
      "longitude": 6.9875,
      "name": "Georg Fischer Mettmann",
      "runwayDirection": 0,
      "runwayLength": Object {
        "unit": "m",
        "value": 0,
      },
      "style": 1,
    },
    Object {
      "code": "GREFR",
      "country": "",
      "description": "Airport",
      "elevation": Object {
        "unit": "m",
        "value": 34,
      },
      "frequency": "123.625",
      "latitude": 51.33388333333333,
      "longitude": 6.35945,
      "name": "Grefrath Niersho",
      "runwayDirection": 70,
      "runwayLength": Object {
        "unit": "m",
        "value": 560,
      },
      "style": 0,
    },
    Object {
      "code": "GRUITBF",
      "country": "",
      "description": "",
      "elevation": Object {
        "unit": "m",
        "value": 0,
      },
      "frequency": null,
      "latitude": 51.21445,
      "longitude": 7.01055,
      "name": "Gruiten Bahnhof",
      "runwayDirection": 0,
      "runwayLength": Object {
        "unit": "m",
        "value": 0,
      },
      "style": 0,
    },
    Object {
      "code": "GUSTO",
      "country": "",
      "description": "Gliderside",
      "elevation": Object {
        "unit": "m",
        "value": 89,
      },
      "frequency": "122.050",
      "latitude": 51.07695,
      "longitude": 6.547783333333333,
      "name": "Gustorfer Hoehe",
      "runwayDirection": 90,
      "runwayLength": Object {
        "unit": "m",
        "value": 1030,
      },
      "style": 2,
    },
    Object {
      "code": "HAGEN",
      "country": "",
      "description": "Gliderside",
      "elevation": Object {
        "unit": "m",
        "value": 390,
      },
      "frequency": "129.975",
      "latitude": 51.3075,
      "longitude": 7.42695,
      "name": "Hagen",
      "runwayDirection": 100,
      "runwayLength": Object {
        "unit": "m",
        "value": 420,
      },
      "style": 2,
    },
    Object {
      "code": "HAGENA",
      "country": "",
      "description": "A45XA46B",
      "elevation": Object {
        "unit": "m",
        "value": 170,
      },
      "frequency": null,
      "latitude": 51.368883333333336,
      "longitude": 7.517216666666666,
      "name": "Hagen A45XA46",
      "runwayDirection": 0,
      "runwayLength": Object {
        "unit": "m",
        "value": 0,
      },
      "style": 0,
    },
    Object {
      "code": "HALVE",
      "country": "",
      "description": "Gliderside",
      "elevation": Object {
        "unit": "m",
        "value": 418,
      },
      "frequency": "123.350",
      "latitude": 51.173883333333336,
      "longitude": 7.50445,
      "name": "Halver Im Heede",
      "runwayDirection": 80,
      "runwayLength": Object {
        "unit": "m",
        "value": 710,
      },
      "style": 3,
    },
    Object {
      "code": "HENGS",
      "country": "",
      "description": "Gliderside",
      "elevation": Object {
        "unit": "m",
        "value": 125,
      },
      "frequency": "123.450",
      "latitude": 51.473333333333336,
      "longitude": 7.645,
      "name": "Hengsen",
      "runwayDirection": 80,
      "runwayLength": Object {
        "unit": "m",
        "value": 540,
      },
      "style": 2,
    },
    Object {
      "code": "HERDEC",
      "country": "",
      "description": "HENGSTEY",
      "elevation": Object {
        "unit": "m",
        "value": 262,
      },
      "frequency": null,
      "latitude": 51.41416666666667,
      "longitude": 7.44945,
      "name": "Herdecke Hengstey Speichersee",
      "runwayDirection": 0,
      "runwayLength": Object {
        "unit": "m",
        "value": 0,
      },
      "style": 1,
    },
    Object {
      "code": "HERNEA",
      "country": "",
      "description": "A42XA43B",
      "elevation": Object {
        "unit": "m",
        "value": 79,
      },
      "frequency": null,
      "latitude": 51.54445,
      "longitude": 7.199716666666666,
      "name": "Herne A42XA43",
      "runwayDirection": 0,
      "runwayLength": Object {
        "unit": "m",
        "value": 0,
      },
      "style": 0,
    },
    Object {
      "code": "HILDK",
      "country": "",
      "description": "",
      "elevation": Object {
        "unit": "m",
        "value": 90,
      },
      "frequency": "123.375",
      "latitude": 51.187216666666664,
      "longitude": 6.974716666666667,
      "name": "Hilden Kesselweier",
      "runwayDirection": 60,
      "runwayLength": Object {
        "unit": "m",
        "value": 700,
      },
      "style": 3,
    },
    Object {
      "code": "HOLZAB",
      "country": "",
      "description": "A44XA46B",
      "elevation": Object {
        "unit": "m",
        "value": 44,
      },
      "frequency": null,
      "latitude": 51.09361666666667,
      "longitude": 6.4775,
      "name": "Holz A44XA46",
      "runwayDirection": 0,
      "runwayLength": Object {
        "unit": "m",
        "value": 0,
      },
      "style": 0,
    },
    Object {
      "code": "IMMERA",
      "country": "",
      "description": "CHURCH",
      "elevation": Object {
        "unit": "m",
        "value": 94,
      },
      "frequency": null,
      "latitude": 51.051116666666665,
      "longitude": 6.43695,
      "name": "Immerath Kirche",
      "runwayDirection": 0,
      "runwayLength": Object {
        "unit": "m",
        "value": 0,
      },
      "style": 0,
    },
    Object {
      "code": "ISERL",
      "country": "",
      "description": "Gliderside",
      "elevation": Object {
        "unit": "m",
        "value": 192,
      },
      "frequency": "123.500",
      "latitude": 51.42916666666667,
      "longitude": 7.6436166666666665,
      "name": "Iserlohn Rheinermark",
      "runwayDirection": 70,
      "runwayLength": Object {
        "unit": "m",
        "value": 790,
      },
      "style": 2,
    },
    Object {
      "code": "ISESU",
      "country": "",
      "description": "Gliderside",
      "elevation": Object {
        "unit": "m",
        "value": 180,
      },
      "frequency": "122.425",
      "latitude": 51.43638333333333,
      "longitude": 7.699716666666666,
      "name": "Iserlohn Suemmern",
      "runwayDirection": 40,
      "runwayLength": Object {
        "unit": "m",
        "value": 800,
      },
      "style": 2,
    },
    Object {
      "code": "JACKER",
      "country": "",
      "description": "A44XA61B",
      "elevation": Object {
        "unit": "m",
        "value": 112,
      },
      "frequency": null,
      "latitude": 51.03666666666667,
      "longitude": 6.460833333333333,
      "name": "Jackerath A44XA61",
      "runwayDirection": 0,
      "runwayLength": Object {
        "unit": "m",
        "value": 0,
      },
      "style": 0,
    },
    Object {
      "code": "JUECHE",
      "country": "",
      "description": "RAILWAYST",
      "elevation": Object {
        "unit": "m",
        "value": 80,
      },
      "frequency": null,
      "latitude": 51.09695,
      "longitude": 6.49945,
      "name": "Juechen Bf",
      "runwayDirection": 0,
      "runwayLength": Object {
        "unit": "m",
        "value": 0,
      },
      "style": 0,
    },
    Object {
      "code": "KAMENA",
      "country": "",
      "description": "A1XA2BAB0",
      "elevation": Object {
        "unit": "m",
        "value": 65,
      },
      "frequency": null,
      "latitude": 51.60111666666667,
      "longitude": 7.687216666666666,
      "name": "Kamen A1XA2",
      "runwayDirection": 0,
      "runwayLength": Object {
        "unit": "m",
        "value": 0,
      },
      "style": 0,
    },
    Object {
      "code": "KAMEH",
      "country": "",
      "description": "Gliderside",
      "elevation": Object {
        "unit": "m",
        "value": 62,
      },
      "frequency": "129.975",
      "latitude": 51.59028333333333,
      "longitude": 7.710283333333333,
      "name": "Kamen Heeren",
      "runwayDirection": 100,
      "runwayLength": Object {
        "unit": "m",
        "value": 990,
      },
      "style": 2,
    },
    Object {
      "code": "KAMPL",
      "country": "",
      "description": "Airport",
      "elevation": Object {
        "unit": "m",
        "value": 24,
      },
      "frequency": "123.000",
      "latitude": 51.52888333333333,
      "longitude": 6.536116666666667,
      "name": "Kamp Lintfort",
      "runwayDirection": 70,
      "runwayLength": Object {
        "unit": "m",
        "value": 770,
      },
      "style": 0,
    },
    Object {
      "code": "KAMPLI",
      "country": "",
      "description": "CHURCH",
      "elevation": Object {
        "unit": "m",
        "value": 27,
      },
      "frequency": null,
      "latitude": 51.50195,
      "longitude": 6.550833333333333,
      "name": "Kamplintfort Kirche",
      "runwayDirection": 0,
      "runwayLength": Object {
        "unit": "m",
        "value": 0,
      },
      "style": 0,
    },
    Object {
      "code": "KERKE2",
      "country": "",
      "description": "EmergField",
      "elevation": Object {
        "unit": "m",
        "value": 36,
      },
      "frequency": "123.425",
      "latitude": 51.43888333333334,
      "longitude": 6.44555,
      "name": "Kerken *ULM",
      "runwayDirection": 20,
      "runwayLength": Object {
        "unit": "m",
        "value": 270,
      },
      "style": 0,
    },
    Object {
      "code": "KREFE",
      "country": "",
      "description": "Airport",
      "elevation": Object {
        "unit": "m",
        "value": 43,
      },
      "frequency": "122.850",
      "latitude": 51.38445,
      "longitude": 6.58555,
      "name": "Krefeld Egelsbe",
      "runwayDirection": 50,
      "runwayLength": Object {
        "unit": "m",
        "value": 450,
      },
      "style": 0,
    },
    Object {
      "code": "LANWI",
      "country": "",
      "description": "Gliderside",
      "elevation": Object {
        "unit": "m",
        "value": 86,
      },
      "frequency": "122.475",
      "latitude": 51.14083333333333,
      "longitude": 6.985833333333334,
      "name": "Langenfeld",
      "runwayDirection": 70,
      "runwayLength": Object {
        "unit": "m",
        "value": 620,
      },
      "style": 2,
    },
    Object {
      "code": "Langnfld",
      "country": "",
      "description": "Wassersportanlage",
      "elevation": Object {
        "unit": "m",
        "value": 0,
      },
      "frequency": null,
      "latitude": 51.12221666666667,
      "longitude": 6.933333333333334,
      "name": "Langenfeld Campingplatz",
      "runwayDirection": 0,
      "runwayLength": Object {
        "unit": "m",
        "value": 0,
      },
      "style": 1,
    },
    Object {
      "code": "LEVER",
      "country": "",
      "description": "Airport",
      "elevation": Object {
        "unit": "m",
        "value": 49,
      },
      "frequency": "122.425",
      "latitude": 51.015283333333336,
      "longitude": 7.006116666666666,
      "name": "Leverkusen",
      "runwayDirection": 150,
      "runwayLength": Object {
        "unit": "m",
        "value": 920,
      },
      "style": 0,
    },
    Object {
      "code": "LEVERK",
      "country": "",
      "description": "A1XA3BAB0",
      "elevation": Object {
        "unit": "m",
        "value": 49,
      },
      "frequency": null,
      "latitude": 51.041666666666664,
      "longitude": 7.00695,
      "name": "Leverkusen A1XA3",
      "runwayDirection": 0,
      "runwayLength": Object {
        "unit": "m",
        "value": 0,
      },
      "style": 0,
    },
    Object {
      "code": "LINDL",
      "country": "",
      "description": "Gliderside",
      "elevation": Object {
        "unit": "m",
        "value": 311,
      },
      "frequency": "129.975",
      "latitude": 50.99721666666667,
      "longitude": 7.3775,
      "name": "Lindlar",
      "runwayDirection": 50,
      "runwayLength": Object {
        "unit": "m",
        "value": 1000,
      },
      "style": 2,
    },
    Object {
      "code": "LINNI2",
      "country": "",
      "description": "EmergField",
      "elevation": Object {
        "unit": "m",
        "value": 104,
      },
      "frequency": "123.425",
      "latitude": 50.96305,
      "longitude": 6.337783333333333,
      "name": "Linnich Ul *ULM",
      "runwayDirection": 90,
      "runwayLength": Object {
        "unit": "m",
        "value": 280,
      },
      "style": 0,
    },
    Object {
      "code": "LUEDEB",
      "country": "",
      "description": "RAILWAYST",
      "elevation": Object {
        "unit": "m",
        "value": 400,
      },
      "frequency": null,
      "latitude": 51.22111666666667,
      "longitude": 7.629716666666667,
      "name": "Luedenscheid Bf",
      "runwayDirection": 0,
      "runwayLength": Object {
        "unit": "m",
        "value": 0,
      },
      "style": 0,
    },
    Object {
      "code": "LUELI",
      "country": "",
      "description": "Gliderside",
      "elevation": Object {
        "unit": "m",
        "value": 49,
      },
      "frequency": "123.500",
      "latitude": 51.61695,
      "longitude": 7.501116666666666,
      "name": "Luenen Lippeweide",
      "runwayDirection": 90,
      "runwayLength": Object {
        "unit": "m",
        "value": 1070,
      },
      "style": 2,
    },
    Object {
      "code": "MEIER",
      "country": "",
      "description": "Gliderside",
      "elevation": Object {
        "unit": "m",
        "value": 146,
      },
      "frequency": "130.125",
      "latitude": 51.298883333333336,
      "longitude": 6.9575,
      "name": "Meiersberg",
      "runwayDirection": 120,
      "runwayLength": Object {
        "unit": "m",
        "value": 800,
      },
      "style": 2,
    },
    Object {
      "code": "MEINE",
      "country": "",
      "description": "Airport",
      "elevation": Object {
        "unit": "m",
        "value": 472,
      },
      "frequency": "130.600",
      "latitude": 51.099716666666666,
      "longitude": 7.59945,
      "name": "Meinerzhagen",
      "runwayDirection": 70,
      "runwayLength": Object {
        "unit": "m",
        "value": 1170,
      },
      "style": 0,
    },
    Object {
      "code": "MENDE",
      "country": "",
      "description": "Gliderside",
      "elevation": Object {
        "unit": "m",
        "value": 207,
      },
      "frequency": "123.500",
      "latitude": 51.459716666666665,
      "longitude": 7.836116666666666,
      "name": "Menden",
      "runwayDirection": 240,
      "runwayLength": Object {
        "unit": "m",
        "value": 920,
      },
      "style": 2,
    },
    Object {
      "code": "MOENC",
      "country": "",
      "description": "Airport",
      "elevation": Object {
        "unit": "m",
        "value": 40,
      },
      "frequency": "118.125",
      "latitude": 51.23028333333333,
      "longitude": 6.50445,
      "name": "Moenchengladbach",
      "runwayDirection": 130,
      "runwayLength": Object {
        "unit": "m",
        "value": 1200,
      },
      "style": 0,
    },
    Object {
      "code": "MOERSX",
      "country": "",
      "description": "A40XA57B",
      "elevation": Object {
        "unit": "m",
        "value": 38,
      },
      "frequency": null,
      "latitude": 51.43611666666666,
      "longitude": 6.60445,
      "name": "Moers A40XA57",
      "runwayDirection": 0,
      "runwayLength": Object {
        "unit": "m",
        "value": 0,
      },
      "style": 0,
    },
    Object {
      "code": "NEURAT",
      "country": "",
      "description": "KW948FT",
      "elevation": Object {
        "unit": "m",
        "value": 95,
      },
      "frequency": null,
      "latitude": 51.03888333333333,
      "longitude": 6.612783333333334,
      "name": "Neurath KW",
      "runwayDirection": 0,
      "runwayLength": Object {
        "unit": "m",
        "value": 0,
      },
      "style": 0,
    },
    Object {
      "code": "NEUSSX",
      "country": "",
      "description": "WESTA57X",
      "elevation": Object {
        "unit": "m",
        "value": 45,
      },
      "frequency": null,
      "latitude": 51.179716666666664,
      "longitude": 6.671116666666666,
      "name": "Neuss West A57XA46",
      "runwayDirection": 0,
      "runwayLength": Object {
        "unit": "m",
        "value": 0,
      },
      "style": 0,
    },
    Object {
      "code": "NIEDEU",
      "country": "",
      "description": "KW917FT",
      "elevation": Object {
        "unit": "m",
        "value": 85,
      },
      "frequency": null,
      "latitude": 50.992216666666664,
      "longitude": 6.668616666666667,
      "name": "Niederaussern KW",
      "runwayDirection": 0,
      "runwayLength": Object {
        "unit": "m",
        "value": 0,
      },
      "style": 0,
    },
    Object {
      "code": "NORDHE",
      "country": "",
      "description": "SENDER",
      "elevation": Object {
        "unit": "m",
        "value": 639,
      },
      "frequency": null,
      "latitude": 51.14666666666667,
      "longitude": 7.773333333333333,
      "name": "Nordhelle TV",
      "runwayDirection": 0,
      "runwayLength": Object {
        "unit": "m",
        "value": 0,
      },
      "style": 0,
    },
    Object {
      "code": "OBERHA",
      "country": "",
      "description": "A2YA3BAB0",
      "elevation": Object {
        "unit": "m",
        "value": 51,
      },
      "frequency": null,
      "latitude": 51.537216666666666,
      "longitude": 6.83445,
      "name": "Oberhausen A2YA3",
      "runwayDirection": 0,
      "runwayLength": Object {
        "unit": "m",
        "value": 0,
      },
      "style": 0,
    },
    Object {
      "code": "OBERHG",
      "country": "",
      "description": "GASOMETER",
      "elevation": Object {
        "unit": "m",
        "value": 64,
      },
      "frequency": null,
      "latitude": 51.493883333333336,
      "longitude": 6.870283333333333,
      "name": "Oberhausen Gasometer",
      "runwayDirection": 0,
      "runwayLength": Object {
        "unit": "m",
        "value": 0,
      },
      "style": 1,
    },
    Object {
      "code": "OLPEBF",
      "country": "",
      "description": "RAILWAYST",
      "elevation": Object {
        "unit": "m",
        "value": 309,
      },
      "frequency": null,
      "latitude": 51.028616666666665,
      "longitude": 7.841116666666666,
      "name": "Olpe Bf",
      "runwayDirection": 0,
      "runwayLength": Object {
        "unit": "m",
        "value": 0,
      },
      "style": 0,
    },
    Object {
      "code": "OLPESU",
      "country": "",
      "description": "SUEDA4XA",
      "elevation": Object {
        "unit": "m",
        "value": 358,
      },
      "frequency": null,
      "latitude": 50.98833333333333,
      "longitude": 7.83555,
      "name": "Olpe Sued A4XA45",
      "runwayDirection": 0,
      "runwayLength": Object {
        "unit": "m",
        "value": 0,
      },
      "style": 0,
    },
    Object {
      "code": "OPLADE",
      "country": "",
      "description": "RAILWAYST",
      "elevation": Object {
        "unit": "m",
        "value": 50,
      },
      "frequency": null,
      "latitude": 51.06555,
      "longitude": 7.008616666666667,
      "name": "Opladen Bf",
      "runwayDirection": 0,
      "runwayLength": Object {
        "unit": "m",
        "value": 0,
      },
      "style": 0,
    },
    Object {
      "code": "PLETT",
      "country": "",
      "description": "Airport",
      "elevation": Object {
        "unit": "m",
        "value": 299,
      },
      "frequency": "122.925",
      "latitude": 51.19195,
      "longitude": 7.78945,
      "name": "Plettenberg",
      "runwayDirection": 110,
      "runwayLength": Object {
        "unit": "m",
        "value": 430,
      },
      "style": 0,
    },
    Object {
      "code": "PULHEI",
      "country": "",
      "description": "AUTOKINO",
      "elevation": Object {
        "unit": "m",
        "value": 51,
      },
      "frequency": null,
      "latitude": 50.99111666666667,
      "longitude": 6.81555,
      "name": "Pulheim Autokino",
      "runwayDirection": 0,
      "runwayLength": Object {
        "unit": "m",
        "value": 0,
      },
      "style": 1,
    },
    Object {
      "code": "RADEV",
      "country": "",
      "description": "Gliderside",
      "elevation": Object {
        "unit": "m",
        "value": 389,
      },
      "frequency": "123.475",
      "latitude": 51.21638333333333,
      "longitude": 7.38195,
      "name": "Radevormwald",
      "runwayDirection": 90,
      "runwayLength": Object {
        "unit": "m",
        "value": 350,
      },
      "style": 2,
    },
    Object {
      "code": "RECKLI",
      "country": "",
      "description": "A2XA43BA",
      "elevation": Object {
        "unit": "m",
        "value": 60,
      },
      "frequency": null,
      "latitude": 51.583616666666664,
      "longitude": 7.188883333333333,
      "name": "Recklinghausen A2XA43",
      "runwayDirection": 0,
      "runwayLength": Object {
        "unit": "m",
        "value": 0,
      },
      "style": 0,
    },
    Object {
      "code": "REMSCB",
      "country": "",
      "description": "RAILWAYST",
      "elevation": Object {
        "unit": "m",
        "value": 360,
      },
      "frequency": null,
      "latitude": 51.17695,
      "longitude": 7.199166666666667,
      "name": "Remscheid Bf",
      "runwayDirection": 0,
      "runwayLength": Object {
        "unit": "m",
        "value": 0,
      },
      "style": 0,
    },
    Object {
      "code": "RHEIBG",
      "country": "",
      "description": "RAILWAYST",
      "elevation": Object {
        "unit": "m",
        "value": 28,
      },
      "frequency": null,
      "latitude": 51.5425,
      "longitude": 6.591666666666667,
      "name": "Rheinberg Nrw Bf",
      "runwayDirection": 0,
      "runwayLength": Object {
        "unit": "m",
        "value": 0,
      },
      "style": 0,
    },
    Object {
      "code": "SCHOLV",
      "country": "",
      "description": "KW1217FT",
      "elevation": Object {
        "unit": "m",
        "value": 67,
      },
      "frequency": null,
      "latitude": 51.60471666666667,
      "longitude": 7.00445,
      "name": "Scholven Kw 1217Ft",
      "runwayDirection": 0,
      "runwayLength": Object {
        "unit": "m",
        "value": 0,
      },
      "style": 0,
    },
    Object {
      "code": "SEVEN",
      "country": "",
      "description": "Gliderside",
      "elevation": Object {
        "unit": "m",
        "value": 27,
      },
      "frequency": "123.500",
      "latitude": 51.488616666666665,
      "longitude": 6.428333333333334,
      "name": "Sevelen Nord",
      "runwayDirection": 100,
      "runwayLength": Object {
        "unit": "m",
        "value": 560,
      },
      "style": 2,
    },
    Object {
      "code": "SEVSU",
      "country": "",
      "description": "Gliderside",
      "elevation": Object {
        "unit": "m",
        "value": 30,
      },
      "frequency": "123.500",
      "latitude": 51.48583333333333,
      "longitude": 6.4275,
      "name": "Sevelen Sued",
      "runwayDirection": 100,
      "runwayLength": Object {
        "unit": "m",
        "value": 320,
      },
      "style": 2,
    },
    Object {
      "code": "SOLING",
      "country": "",
      "description": "KREISFRIE",
      "elevation": Object {
        "unit": "m",
        "value": 243,
      },
      "frequency": null,
      "latitude": 51.20195,
      "longitude": 7.0675,
      "name": "Solingen Kreisfriedhof",
      "runwayDirection": 0,
      "runwayLength": Object {
        "unit": "m",
        "value": 0,
      },
      "style": 1,
    },
    Object {
      "code": "SONNBORN",
      "country": "",
      "description": "",
      "elevation": Object {
        "unit": "m",
        "value": 0,
      },
      "frequency": null,
      "latitude": 51.23083333333334,
      "longitude": 7.099166666666667,
      "name": "Sonnborner Kreuz",
      "runwayDirection": 0,
      "runwayLength": Object {
        "unit": "m",
        "value": 0,
      },
      "style": 0,
    },
    Object {
      "code": "UNNAAX",
      "country": "",
      "description": "A1XA44BA",
      "elevation": Object {
        "unit": "m",
        "value": 100,
      },
      "frequency": null,
      "latitude": 51.522216666666665,
      "longitude": 7.657783333333334,
      "name": "Unna A1XA44",
      "runwayDirection": 0,
      "runwayLength": Object {
        "unit": "m",
        "value": 0,
      },
      "style": 0,
    },
    Object {
      "code": "UNNAOS",
      "country": "",
      "description": "OSTA44XA",
      "elevation": Object {
        "unit": "m",
        "value": 150,
      },
      "frequency": null,
      "latitude": 51.52388333333333,
      "longitude": 7.708333333333333,
      "name": "Unna Ost A44XA443",
      "runwayDirection": 0,
      "runwayLength": Object {
        "unit": "m",
        "value": 0,
      },
      "style": 0,
    },
    Object {
      "code": "VIERSE",
      "country": "",
      "description": "RAILWAYY",
      "elevation": Object {
        "unit": "m",
        "value": 35,
      },
      "frequency": null,
      "latitude": 51.261383333333335,
      "longitude": 6.394716666666667,
      "name": "Viersen Ey",
      "runwayDirection": 0,
      "runwayLength": Object {
        "unit": "m",
        "value": 0,
      },
      "style": 1,
    },
    Object {
      "code": "VIERSS",
      "country": "",
      "description": "SENDER",
      "elevation": Object {
        "unit": "m",
        "value": 85,
      },
      "frequency": null,
      "latitude": 51.28221666666666,
      "longitude": 6.3475,
      "name": "Viersen Suechteln Tv 616Ft",
      "runwayDirection": 0,
      "runwayLength": Object {
        "unit": "m",
        "value": 0,
      },
      "style": 0,
    },
    Object {
      "code": "VOERDE",
      "country": "",
      "description": "MOELLENK",
      "elevation": Object {
        "unit": "m",
        "value": 27,
      },
      "frequency": null,
      "latitude": 51.57861666666667,
      "longitude": 6.6852833333333335,
      "name": "Voerde Moellen Kw 908Ft Kuehlturm",
      "runwayDirection": 0,
      "runwayLength": Object {
        "unit": "m",
        "value": 0,
      },
      "style": 0,
    },
    Object {
      "code": "WALSUM",
      "country": "",
      "description": "FAEHRANLE",
      "elevation": Object {
        "unit": "m",
        "value": 25,
      },
      "frequency": null,
      "latitude": 51.52388333333333,
      "longitude": 6.706666666666667,
      "name": "Walsum Faehranleger Ost",
      "runwayDirection": 0,
      "runwayLength": Object {
        "unit": "m",
        "value": 0,
      },
      "style": 1,
    },
    Object {
      "code": "WANLOA",
      "country": "",
      "description": "A46XA61B",
      "elevation": Object {
        "unit": "m",
        "value": 74,
      },
      "frequency": null,
      "latitude": 51.1025,
      "longitude": 6.425833333333333,
      "name": "Wanlo A46XA61",
      "runwayDirection": 0,
      "runwayLength": Object {
        "unit": "m",
        "value": 0,
      },
      "style": 0,
    },
    Object {
      "code": "WANLO",
      "country": "",
      "description": "Gliderside",
      "elevation": Object {
        "unit": "m",
        "value": 76,
      },
      "frequency": "123.500",
      "latitude": 51.100833333333334,
      "longitude": 6.3936166666666665,
      "name": "Wanlo Niersquell",
      "runwayDirection": 80,
      "runwayLength": Object {
        "unit": "m",
        "value": 1000,
      },
      "style": 2,
    },
    Object {
      "code": "WERDO",
      "country": "",
      "description": "Airport",
      "elevation": Object {
        "unit": "m",
        "value": 317,
      },
      "frequency": "118.000",
      "latitude": 51.29695,
      "longitude": 7.816666666666666,
      "name": "Werdohl",
      "runwayDirection": 70,
      "runwayLength": Object {
        "unit": "m",
        "value": 800,
      },
      "style": 0,
    },
    Object {
      "code": "WESTHO",
      "country": "",
      "description": "A1XA45BA",
      "elevation": Object {
        "unit": "m",
        "value": 127,
      },
      "frequency": null,
      "latitude": 51.4325,
      "longitude": 7.5325,
      "name": "Westhofen A1XA45",
      "runwayDirection": 0,
      "runwayLength": Object {
        "unit": "m",
        "value": 0,
      },
      "style": 0,
    },
    Object {
      "code": "WICKRA",
      "country": "",
      "description": "RAILWAYST",
      "elevation": Object {
        "unit": "m",
        "value": 65,
      },
      "frequency": null,
      "latitude": 51.132783333333336,
      "longitude": 6.411383333333333,
      "name": "Wickrath Bf",
      "runwayDirection": 0,
      "runwayLength": Object {
        "unit": "m",
        "value": 0,
      },
      "style": 0,
    },
    Object {
      "code": "WIPPE",
      "country": "",
      "description": "Airport",
      "elevation": Object {
        "unit": "m",
        "value": 262,
      },
      "frequency": "122.400",
      "latitude": 51.12361666666666,
      "longitude": 7.3741666666666665,
      "name": "Wipperfuerth",
      "runwayDirection": 110,
      "runwayLength": Object {
        "unit": "m",
        "value": 590,
      },
      "style": 0,
    },
    Object {
      "code": "WITZHE",
      "country": "",
      "description": "SENDER",
      "elevation": Object {
        "unit": "m",
        "value": 232,
      },
      "frequency": null,
      "latitude": 51.11861666666667,
      "longitude": 7.099716666666667,
      "name": "Witzhelden TV",
      "runwayDirection": 0,
      "runwayLength": Object {
        "unit": "m",
        "value": 0,
      },
      "style": 0,
    },
    Object {
      "code": "WUPPEX",
      "country": "",
      "description": "NORDA1XA",
      "elevation": Object {
        "unit": "m",
        "value": 221,
      },
      "frequency": null,
      "latitude": 51.31361666666667,
      "longitude": 7.27305,
      "name": "Wuppertal Nord A1XA46",
      "runwayDirection": 0,
      "runwayLength": Object {
        "unit": "m",
        "value": 0,
      },
      "style": 0,
    },
  ],
}
`;

exports[`waypoints.cup 1`] = `
Object {
  "waypoints": Array [
    Object {
      "code": "Aconcagua",
      "country": "",
      "description": "Highest mountain in south-america",
      "elevation": Object {
        "unit": "m",
        "value": 6962,
      },
      "frequency": null,
      "latitude": -32.653333333333336,
      "longitude": -70.01166666666667,
      "name": "Aconcagua",
      "runwayDirection": 0,
      "runwayLength": Object {
        "unit": "m",
        "value": 0,
      },
      "style": 7,
    },
    Object {
      "code": "",
      "country": "",
      "description": "",
      "elevation": Object {
        "unit": "m",
        "value": 488,
      },
      "frequency": "123.650",
      "latitude": 51.05195,
      "longitude": 7.7061166666666665,
      "name": "Bergneustadt",
      "runwayDirection": 40,
      "runwayLength": Object {
        "unit": "m",
        "value": 590,
      },
      "style": 5,
    },
    Object {
      "code": "GGB",
      "country": "",
      "description": "",
      "elevation": Object {
        "unit": "m",
        "value": 227,
      },
      "frequency": null,
      "latitude": 37.8175,
      "longitude": -122.47833333333334,
      "name": "Golden Gate Bridge",
      "runwayDirection": 0,
      "runwayLength": Object {
        "unit": "nm",
        "value": 0.005,
      },
      "style": 14,
    },
    Object {
      "code": "RedSqr",
      "country": "",
      "description": "",
      "elevation": Object {
        "unit": "m",
        "value": 123,
      },
      "frequency": null,
      "latitude": 55.75416666666667,
      "longitude": 37.62,
      "name": "Red Square",
      "runwayDirection": 90,
      "runwayLength": Object {
        "unit": "ml",
        "value": 0.01,
      },
      "style": 3,
    },
    Object {
      "code": "Opera",
      "country": "",
      "description": "",
      "elevation": Object {
        "unit": "m",
        "value": 5,
      },
      "frequency": null,
      "latitude": -33.85695,
      "longitude": 151.21526666666668,
      "name": "Sydney Opera",
      "runwayDirection": 0,
      "runwayLength": Object {
        "unit": "m",
        "value": 0,
      },
      "style": 1,
    },
  ],
}
`;
